2026-08-02 02:24:47 | INFO     | CommodityOptionValuator | ============================================================
2026-08-02 02:24:47 | INFO     | CommodityOptionValuator | Commodity Option Valuator Pro Started
2026-08-02 02:24:47 | INFO     | CommodityOptionValuator | ============================================================
2026-08-02 02:24:47 | INFO     | CommodityOptionValuator | ============================================================
2026-08-02 02:24:47 | INFO     | CommodityOptionValuator | Commodity Option Valuator Pro
2026-08-02 02:24:47 | INFO     | CommodityOptionValuator | Version : 0.1.0
2026-08-02 02:24:47 | INFO     | CommodityOptionValuator | ============================================================
2026-08-02 02:24:47 | INFO     | CommodityOptionValuator | Initializing application...
2026-08-02 02:24:47 | INFO     | CommodityOptionValuator | Application initialized successfully.
2026-08-02 02:24:47 | INFO     | CommodityOptionValuator | Application started.
2026-08-02 03:35:45 | INFO     | CommodityOptionValuator | ============================================================
2026-08-02 03:35:45 | INFO     | CommodityOptionValuator | Commodity Option Valuator Pro Started
2026-08-02 03:35:45 | INFO     | CommodityOptionValuator | ============================================================
2026-08-02 03:35:45 | INFO     | CommodityOptionValuator | ============================================================
2026-08-02 03:35:45 | INFO     | CommodityOptionValuator | Commodity Option Valuator Pro
2026-08-02 03:35:45 | INFO     | CommodityOptionValuator | Version : 0.1.0
2026-08-02 03:35:45 | INFO     | CommodityOptionValuator | ============================================================
2026-08-02 03:35:46 | INFO     | CommodityOptionValuator | Initializing application...
2026-08-02 03:35:46 | INFO     | CommodityOptionValuator | Application initialized successfully.
2026-08-02 03:35:46 | INFO     | CommodityOptionValuator | Application started.
2026-08-02 03:41:17 | INFO     | CommodityOptionValuator | ============================================================
2026-08-02 03:41:17 | INFO     | CommodityOptionValuator | Commodity Option Valuator Pro Started
2026-08-02 03:41:17 | INFO     | CommodityOptionValuator | ============================================================
2026-08-02 03:41:17 | INFO     | CommodityOptionValuator | ============================================================
2026-08-02 03:41:17 | INFO     | CommodityOptionValuator | Commodity Option Valuator Pro
2026-08-02 03:41:17 | INFO     | CommodityOptionValuator | Version : 0.1.0
2026-08-02 03:41:17 | INFO     | CommodityOptionValuator | ============================================================
2026-08-02 03:41:18 | INFO     | CommodityOptionValuator | Initializing application...
2026-08-02 03:41:18 | INFO     | CommodityOptionValuator | Application initialized successfully.
2026-08-02 03:41:18 | INFO     | CommodityOptionValuator | Application started.
